MPASM  5.37                           LED.ASM   7-30-2015  15:33:42         PAGE  1


LOC  OBJECT CODE     LINE SOURCE TEXT
  VALUE

                      00001 #INCLUDE <P16F84A.INC>
                      00001         LIST
                      00002 ; P16F84A.INC  Standard Header File, Version 2.00    Microchip Technology, Inc.
                      00134         LIST
Warning[205]: Found directive in column 1. (ORG)
0000                  00002 ORG 0X0000
Warning[203]: Found opcode in column 1. (BSF)
0000   1683           00003 BSF STATUS, 0x05 ; VAI PARA O BANCO 1
Warning[203]: Found opcode in column 1. (BSF)
Message[302]: Register in operand not in bank 0.  Ensure that bank bits are correct.
0001   1406           00004 BSF TRISB, 0x00 ; RB0 COMO ENTRADA
Warning[203]: Found opcode in column 1. (BCF)
Message[302]: Register in operand not in bank 0.  Ensure that bank bits are correct.
0002   1105           00005 BCF TRISA, 0x02 ; RA2 COMO SAÍDA
Warning[203]: Found opcode in column 1. (BCF)
0003   1283           00006 BCF STATUS, 0x05 ; VAI PARA O BANCO 0
Warning[203]: Found opcode in column 1. (BCF)
0004   1105           00007 BCF PORTA, 0x02 ; APAGA LED
Warning[203]: Found opcode in column 1. (BTFSC)
0005   1806           00008 BTFSC PORTB, 0x00 ; BOTOEIRA LIGADA?
Warning[203]: Found opcode in column 1. (GOTO)
0006   2804           00009 GOTO 0X0004 ; NÃO... ENTÃO VOLTE AO INICIO DA ROTINA
Warning[203]: Found opcode in column 1. (BSF)
0007   1505           00010 BSF PORTA, 0x02 ; SIM... ENTÃO ACENDA LED
Warning[203]: Found opcode in column 1. (GOTO)
0008   2805           00011 GOTO 0X0005 ; TESTE A BOTOEIRA
Warning[205]: Found directive in column 1. (END)
                      00012 END
MPASM  5.37                           LED.ASM   7-30-2015  15:33:42         PAGE  2


SYMBOL TABLE
  LABEL                             VALUE 

C                                 00000000
DC                                00000001
EEADR                             00000009
EECON1                            00000088
EECON2                            00000089
EEDATA                            00000008
EEIE                              00000006
EEIF                              00000004
F                                 00000001
FSR                               00000004
GIE                               00000007
INDF                              00000000
INTCON                            0000000B
INTE                              00000004
INTEDG                            00000006
INTF                              00000001
IRP                               00000007
NOT_PD                            00000003
NOT_RBPU                          00000007
NOT_TO                            00000004
OPTION_REG                        00000081
PCL                               00000002
PCLATH                            0000000A
PORTA                             00000005
PORTB                             00000006
PS0                               00000000
PS1                               00000001
PS2                               00000002
PSA                               00000003
RBIE                              00000003
RBIF                              00000000
RD                                00000000
RP0                               00000005
RP1                               00000006
STATUS                            00000003
T0CS                              00000005
T0IE                              00000005
T0IF                              00000002
T0SE                              00000004
TMR0                              00000001
TRISA                             00000085
TRISB                             00000086
W                                 00000000
WR                                00000001
WREN                              00000002
WRERR                             00000003
Z                                 00000002
_CP_OFF                           00003FFF
_CP_ON                            0000000F
_HS_OSC                           00003FFE
_LP_OSC                           00003FFC
_PWRTE_OFF                        00003FFF
_PWRTE_ON                         00003FF7
MPASM  5.37                           LED.ASM   7-30-2015  15:33:42         PAGE  3


SYMBOL TABLE
  LABEL                             VALUE 

_RC_OSC                           00003FFF
_WDT_OFF                          00003FFB
_WDT_ON                           00003FFF
_XT_OSC                           00003FFD
__16F84A                          00000001
__DEBUG                           1


MEMORY USAGE MAP ('X' = Used,  '-' = Unused)

0000 : XXXXXXXXX------- ---------------- ---------------- ----------------

All other memory blocks unused.

Program Memory Words Used:     9
Program Memory Words Free:  1015


Errors   :     0
Warnings :    11 reported,     0 suppressed
Messages :     2 reported,     0 suppressed

