MPLINK 4.37, Linker
Linker Map File - Created Tue Aug 18 02:59:17 2015

                                 Section Info
                  Section       Type    Address   Location Size(Bytes)
                ---------  ---------  ---------  ---------  ---------
                   .org_0       code   0x000000    program   0x000000
                   .org_1       code   0x000000    program   0x000002
                   .org_2       code   0x000004    program   0x000048



                              Program Memory Usage 
                               Start         End      
                           ---------   ---------      
                            0x000000    0x000000      
                            0x000004    0x000027      
            37 out of 4229 program addresses used, program memory utilization is 0%



                              Symbols - Sorted by Name
                     Name    Address   Location    Storage File                     
                ---------  ---------  ---------  --------- ---------                
                   INICIO   0x000015    program     static C:\Users\Kohler\Desktop\Sistemas\Pic\Interrupção\Interrupção.asm
                   LED_ON   0x000024    program     static C:\Users\Kohler\Desktop\Sistemas\Pic\Interrupção\Interrupção.asm
                 PROGRAMA   0x000021    program     static C:\Users\Kohler\Desktop\Sistemas\Pic\Interrupção\Interrupção.asm
                      SAI   0x00000d    program     static C:\Users\Kohler\Desktop\Sistemas\Pic\Interrupção\Interrupção.asm



                              Symbols - Sorted by Address
                     Name    Address   Location    Storage File                     
                ---------  ---------  ---------  --------- ---------                
                      SAI   0x00000d    program     static C:\Users\Kohler\Desktop\Sistemas\Pic\Interrupção\Interrupção.asm
                   INICIO   0x000015    program     static C:\Users\Kohler\Desktop\Sistemas\Pic\Interrupção\Interrupção.asm
                 PROGRAMA   0x000021    program     static C:\Users\Kohler\Desktop\Sistemas\Pic\Interrupção\Interrupção.asm
                   LED_ON   0x000024    program     static C:\Users\Kohler\Desktop\Sistemas\Pic\Interrupção\Interrupção.asm


